// Jest Snapshot v1, https://goo.gl/fbAQLP

exports[`SuccessPage Component matches the snapshot 1`] = `ShallowWrapper {}`;
