// Jest Snapshot v1, https://goo.gl/fbAQLP

exports[`Facebook Login matches the snapshot 1`] = `ShallowWrapper {}`;
