// Jest Snapshot v1, https://goo.gl/fbAQLP

exports[`Google Login matches the snapshot 1`] = `ShallowWrapper {}`;
