// Jest Snapshot v1, https://goo.gl/fbAQLP

exports[`<ArticleComment /> renders without fail 1`] = `ShallowWrapper {}`;
